Hello from Int 1
1
Hello from Int 7
Howdy from Float 5.00
Hellooo from Int64 10000000000000
Hey from MyStruct
Hello from Int 100
Howdy from Float 3.14
yep
nope
hello from two ints: (3, 5)
1
