hello!
apple
banana
Apple2: 1
Banana2: 5.0, hello
Strawberry2
MySimpleEnum variants:
- 0: apple
- 1: banana
- 2: strawberry
1
abc
