1
0
1
2
hello
greeting: 1
greeting: hello
greetings from 1 and 5
10
20.50
40
77.77
one: 1
two: 2.0, 3.0
one: 4
two: 5.0, 6.0
Hello 1
Hello hello
