hello 1 3.5 world!
hello 1 2.0 world!
hello 1 2.0 world2!
6.5
hello 6 5.1 world!
hello 1 5.2 world!
