default
one
two
three
default
true
false
match true: correct
match false: correct
bool match: default
bool match: default
one
two
apple
banana
something else
APPLE
BANANA
something else
1.5
2.5
something else
an apple
3 apples
a bunch of 3 bananas
4 bunches of 5 bananas
some grapes
???
a box of apples
2 boxes of apples
2 boxes of bananas
???
a is 1
d is 3
hi
hello world
