5
got replaced
6
7
apple => true
banana => strawberry
side effect a
side effect a
side effect b
side effect b
9.00
5
5
this is MyStruct's MyTrait implementation
tried to iterate over MyTrait
this is MyStruct's MyTrait implementation
hello
