5.0
hi
hello
MyStruct fields:
- a
- b
- c
- d
- e
6 true
5 false
