MyStruct.staticMethod()
MyStruct.instanceMethod()
4
8
