key: Position
box.type(): true
keys[0]: true
literal: true
buffer: true
