18
52
86
0.07
0.25
0.50
0.75
0.50
1.00
hello from a namespaced static var
