0
0
0
5
4
10
5
6
8
9
10
i: 8
i: 9
i: 10
i: 11
i: 12
