hello!
apple
banana
Apple2: 1
Banana2: 5.0, hello
Strawberry2
MySimpleEnum variants:
- apple
- banana
- strawberry
