Int's TestTrait method a
Int's TestTrait method b
3
CString hello's TestTrait method a
CString hello's TestTrait method b
3
Int's TestTrait method a
Int's TestTrait method b
782
