testing linear allocator
got a pointer
remaining: 1
got a pointer
remaining: 0
didn't get a pointer
remaining: 0
after reset, they're the same as expected
testing stack allocator
got a pointer
remaining: 2
got a pointer
remaining: 1
got a pointer
remaining: 0
didn't get a pointer
remaining: 0
after free, they're the same as expected
remaining: 1
remaining: 1
remaining: 1
remaining: 0
via box, they're the same as expected
testing pool allocator
got a pointer
got a pointer
didn't get a pointer
got a pointer
recycled pointer reused as expected
didn't get a pointer
15 15
20 0
0
