3
5

mySet: 
1
3
5
8

3
5

1
3
5
8

1
2
3
5
7
8
9

mySet:
1
3
5
8

1
2
3
5
7
8
9

1
3
5
8

1
8

mySet:
1
3
5
8

1
8

1
3
5
8