length: 13
value: hello, world!
length: 6
value: abcdef
length: 9
value: abcdefghi
b
c
d
e
f
