length = 0
capacity = 4
length = 1
capacity = 4
some
length = 0
capacity = 4
none
length = 0
capacity = 4
length = 4
capacity = 4
iterate: 11
iterate: 22
iterate: 33
iterate: 44
length = 5
capacity = 6
length = 7
capacity = 9
iterate: 11
iterate: 22
iterate: 33
iterate: 44
iterate: 55
iterate: 66
iterate: 77
length = 4
capacity = 9
iterate: 11
iterate: 22
iterate: 33
iterate: 44
length = 4
length after clear = 0
