Capacity: 10
Size: 0
First value added: 1
Size after removing single element: 0
Value added: 3
Value added: 4
Value added: 5
Key Exists 'test2': true
Key Exists 'test3': true
Key Exists 'test5': false
Contains 3: true
Contains 4: true
Contains 5: true
Contains 6: false
Get 3: 3
Get 4: 4
Get 5: 5
Quick Get 3: 3
Array size of map keys: 3
Array contains 'test2': true
Map resizes if more than threshold is added, capacity is double: 20