a overflow
no a2 overflow
b overflow
c overflow
no d overflow
128.0
100
